[    0.000000] Linux version 4.15.0-1052-azure (buildd@lgw01-amd64-001) (gcc version 5.4.0 20160609 (Ubuntu 5.4.0-6ubuntu1~16.04.10)) #57-Ubuntu SMP Tue Jul 23 19:07:16 UTC 2019 (Ubuntu 4.15.0-1052.57-azure 4.15.18)
[    0.000000] Command line: BOOT_IMAGE=/boot/vmlinuz-4.15.0-1052-azure root=UUID=8716e09d-0f3d-47c5-a89a-666b9d0bd1bf ro console=tty1 console=ttyS0 earlyprintk=ttyS0 rootdelay=300
[    0.000000] KERNEL supported cpus:
[    0.000000]   Intel GenuineIntel
[    0.000000]   AMD AuthenticAMD
[    0.000000]   Centaur CentaurHauls
[    0.000000] x86/fpu: Supporting XSAVE feature 0x001: 'x87 floating point registers'
[    0.000000] x86/fpu: Supporting XSAVE feature 0x002: 'SSE registers'
[    0.000000] x86/fpu: Supporting XSAVE feature 0x004: 'AVX registers'
[    0.000000] x86/fpu: xstate_offset[2]:  576, xstate_sizes[2]:  256
[    0.000000] x86/fpu: Enabled xstate features 0x7, context size is 832 bytes, using 'standard' format.
[    0.000000] e820: BIOS-provided physical RAM map:
[    0.000000] BIOS-e820: [mem 0x0000000000000000-0x000000000009fbff] usable
[    0.000000] BIOS-e820: [mem 0x000000000009fc00-0x000000000009ffff] reserved
[    0.000000] BIOS-e820: [mem 0x00000000000e0000-0x00000000000fffff] reserved
[    0.000000] BIOS-e820: [mem 0x0000000000100000-0x000000003ffeffff] usable
[    0.000000] BIOS-e820: [mem 0x000000003fff0000-0x000000003fffefff] ACPI data
[    0.000000] BIOS-e820: [mem 0x000000003ffff000-0x000000003fffffff] ACPI NVS
[    0.000000] BIOS-e820: [mem 0x0000000100000000-0x0000000fdfffffff] usable
[    0.000000] BIOS-e820: [mem 0x0000001000000000-0x00000020dfffffff] usable
[    0.000000] BIOS-e820: [mem 0x00000020e0200000-0x00000040e01fffff] usable
[    0.000000] bootconsole [earlyser0] enabled
[    0.000000] NX (Execute Disable) protection: active
[    0.000000] SMBIOS 2.3 present.
[    0.000000] DMI: Microsoft Corporation Virtual Machine/Virtual Machine, BIOS 090007  06/02/2017
[    0.000000] Hypervisor detected: Microsoft Hyper-V
[    0.000000] Hyper-V: features 0x2e7f, hints 0x44c2c
[    0.000000] Hyper-V Host Build:14393-10.0-0-0.299
[    0.000000] Hyper-V: LAPIC Timer Frequency: 0xc3500
[    0.000000] tsc: Marking TSC unstable due to running on Hyper-V
[    0.000000] Hyper-V: Using ext hypercall for remote TLB flush
[    0.000000] e820: update [mem 0x00000000-0x00000fff] usable ==> reserved
[    0.000000] e820: remove [mem 0x000a0000-0x000fffff] usable
[    0.000000] e820: last_pfn = 0x40e0200 max_arch_pfn = 0x400000000
[    0.000000] MTRR default type: uncachable
[    0.000000] MTRR fixed ranges enabled:
[    0.000000]   00000-9FFFF write-back
[    0.000000]   A0000-DFFFF uncachable
[    0.000000]   E0000-FFFFF write-back
[    0.000000] MTRR variable ranges enabled:
[    0.000000]   0 base 00000000000 mask FFFC0000000 write-back
[    0.000000]   1 base 00100000000 mask FF000000000 write-back
[    0.000000]   2 base 01000000000 mask 80000000000 write-back
[    0.000000]   3 base 80000000000 mask 00000000000 write-back
[    0.000000]   4 disabled
[    0.000000]   5 disabled
[    0.000000]   6 disabled
[    0.000000]   7 disabled
[    0.000000] x86/PAT: Configuration [0-7]: WB  WC  UC- UC  WB  WP  UC- WT  
[    0.000000] e820: update [mem 0x40000000-0xffffffff] usable ==> reserved
[    0.000000] e820: last_pfn = 0x3fff0 max_arch_pfn = 0x400000000
[    0.000000] found SMP MP-table at [mem 0x000ff780-0x000ff78f] mapped at [        (ptrval)]
[    0.000000] Scanning 1 areas for low memory corruption
[    0.000000] Base memory trampoline at [        (ptrval)] 99000 size 24576
[    0.000000] Using GB pages for direct mapping
[    0.000000] BRK [0x667106000, 0x667106fff] PGTABLE
[    0.000000] BRK [0x667107000, 0x667107fff] PGTABLE
[    0.000000] BRK [0x667108000, 0x667108fff] PGTABLE
[    0.000000] BRK [0x667109000, 0x667109fff] PGTABLE
[    0.000000] BRK [0x66710a000, 0x66710afff] PGTABLE
[    0.000000] BRK [0x66710b000, 0x66710bfff] PGTABLE
[    0.000000] BRK [0x66710c000, 0x66710cfff] PGTABLE
[    0.000000] RAMDISK: [mem 0x362d6000-0x37162fff]
[    0.000000] ACPI: Early table checksum verification disabled
[    0.000000] ACPI: RSDP 0x00000000000F5BF0 000014 (v00 ACPIAM)
[    0.000000] ACPI: RSDT 0x000000003FFF0000 000040 (v01 VRTUAL MICROSFT 06001702 MSFT 00000097)
[    0.000000] ACPI: FACP 0x000000003FFF0200 000081 (v02 VRTUAL MICROSFT 06001702 MSFT 00000097)
[    0.000000] ACPI: DSDT 0x000000003FFF1D24 003CBE (v01 MSFTVM MSFTVM02 00000002 INTL 02002026)
[    0.000000] ACPI: FACS 0x000000003FFFF000 000040
[    0.000000] ACPI: WAET 0x000000003FFF1A80 000028 (v01 VRTUAL MICROSFT 06001702 MSFT 00000097)
[    0.000000] ACPI: SLIC 0x000000003FFF1AC0 000176 (v01 VRTUAL MICROSFT 06001702 MSFT 00000097)
[    0.000000] ACPI: OEM0 0x000000003FFF1CC0 000064 (v01 VRTUAL MICROSFT 06001702 MSFT 00000097)
[    0.000000] ACPI: SRAT 0x000000003FFF0800 0003C0 (v02 VRTUAL MICROSFT 00000001 MSFT 00000001)
[    0.000000] ACPI: APIC 0x000000003FFF0300 000452 (v01 VRTUAL MICROSFT 06001702 MSFT 00000097)
[    0.000000] ACPI: OEMB 0x000000003FFFF040 000064 (v01 VRTUAL MICROSFT 06001702 MSFT 00000097)
[    0.000000] ACPI: Local APIC address 0xfee00000
[    0.000000] SRAT: PXM 0 -> APIC 0x00 -> Node 0
[    0.000000] SRAT: PXM 0 -> APIC 0x01 -> Node 0
[    0.000000] SRAT: PXM 0 -> APIC 0x02 -> Node 0
[    0.000000] SRAT: PXM 0 -> APIC 0x03 -> Node 0
[    0.000000] SRAT: PXM 0 -> APIC 0x04 -> Node 0
[    0.000000] SRAT: PXM 0 -> APIC 0x05 -> Node 0
[    0.000000] SRAT: PXM 0 -> APIC 0x06 -> Node 0
[    0.000000] SRAT: PXM 0 -> APIC 0x07 -> Node 0
[    0.000000] SRAT: PXM 0 -> APIC 0x08 -> Node 0
[    0.000000] SRAT: PXM 0 -> APIC 0x09 -> Node 0
[    0.000000] SRAT: PXM 0 -> APIC 0x0a -> Node 0
[    0.000000] SRAT: PXM 0 -> APIC 0x0b -> Node 0
[    0.000000] SRAT: PXM 0 -> APIC 0x0c -> Node 0
[    0.000000] SRAT: PXM 0 -> APIC 0x0d -> Node 0
[    0.000000] SRAT: PXM 0 -> APIC 0x0e -> Node 0
[    0.000000] SRAT: PXM 0 -> APIC 0x0f -> Node 0
[    0.000000] SRAT: PXM 1 -> APIC 0x10 -> Node 1
[    0.000000] SRAT: PXM 1 -> APIC 0x11 -> Node 1
[    0.000000] SRAT: PXM 1 -> APIC 0x12 -> Node 1
[    0.000000] SRAT: PXM 1 -> APIC 0x13 -> Node 1
[    0.000000] SRAT: PXM 1 -> APIC 0x14 -> Node 1
[    0.000000] SRAT: PXM 1 -> APIC 0x15 -> Node 1
[    0.000000] SRAT: PXM 1 -> APIC 0x16 -> Node 1
[    0.000000] SRAT: PXM 1 -> APIC 0x17 -> Node 1
[    0.000000] SRAT: PXM 1 -> APIC 0x18 -> Node 1
[    0.000000] SRAT: PXM 1 -> APIC 0x19 -> Node 1
[    0.000000] SRAT: PXM 1 -> APIC 0x1a -> Node 1
[    0.000000] SRAT: PXM 1 -> APIC 0x1b -> Node 1
[    0.000000] SRAT: PXM 1 -> APIC 0x1c -> Node 1
[    0.000000] SRAT: PXM 1 -> APIC 0x1d -> Node 1
[    0.000000] SRAT: PXM 1 -> APIC 0x1e -> Node 1
[    0.000000] SRAT: PXM 1 -> APIC 0x1f -> Node 1
[    0.000000] ACPI: SRAT: Node 0 PXM 0 [mem 0x00000000-0x3fffffff] hotplug
[    0.000000] ACPI: SRAT: Node 0 PXM 0 [mem 0x100000000-0xfdfffffff] hotplug
[    0.000000] ACPI: SRAT: Node 0 PXM 0 [mem 0x1000000000-0x20dfffffff] hotplug
[    0.000000] ACPI: SRAT: Node 1 PXM 1 [mem 0x20e0200000-0x40e01fffff] hotplug
[    0.000000] ACPI: SRAT: Node 0 PXM 0 [mem 0x40e0400000-0xa06fffffff] hotplug
[    0.000000] ACPI: SRAT: Node 0 PXM 0 [mem 0x10000200000-0x17fffffffff] hotplug
[    0.000000] ACPI: SRAT: Node 0 PXM 0 [mem 0x20000200000-0x2ffffffffff] hotplug
[    0.000000] ACPI: SRAT: Node 1 PXM 1 [mem 0xa070200000-0xffffdfffff] hotplug
[    0.000000] ACPI: SRAT: Node 1 PXM 1 [mem 0x18000200000-0x1ffffffffff] hotplug
[    0.000000] ACPI: SRAT: Node 1 PXM 1 [mem 0x30000200000-0x3ffffffffff] hotplug
[    0.000000] NUMA: Node 0 [mem 0x00000000-0x3fffffff] + [mem 0x100000000-0xfdfffffff] -> [mem 0x00000000-0xfdfffffff]
[    0.000000] NUMA: Node 0 [mem 0x00000000-0xfdfffffff] + [mem 0x1000000000-0x20dfffffff] -> [mem 0x00000000-0x20dfffffff]
[    0.000000] NODE_DATA(0) allocated [mem 0x20dffd5000-0x20dfffffff]
[    0.000000] NODE_DATA(1) allocated [mem 0x40e01d4000-0x40e01fefff]
[    0.000000] Section 2075 and 2076 (node 1) have a circular dependency on usemap and pgdat allocations
[    0.000000] Zone ranges:
[    0.000000]   DMA      [mem 0x0000000000001000-0x0000000000ffffff]
[    0.000000]   DMA32    [mem 0x0000000001000000-0x00000000ffffffff]
[    0.000000]   Normal   [mem 0x0000000100000000-0x00000040e01fffff]
[    0.000000]   Device   empty
[    0.000000] Movable zone start for each node
[    0.000000] Early memory node ranges
[    0.000000]   node   0: [mem 0x0000000000001000-0x000000000009efff]
[    0.000000]   node   0: [mem 0x0000000000100000-0x000000003ffeffff]
[    0.000000]   node   0: [mem 0x0000000100000000-0x0000000fdfffffff]
[    0.000000]   node   0: [mem 0x0000001000000000-0x00000020dfffffff]
[    0.000000]   node   1: [mem 0x00000020e0200000-0x00000040e01fffff]
[    0.000000] Reserved but unavailable: 626 pages
[    0.000000] Initmem setup node 0 [mem 0x0000000000001000-0x00000020dfffffff]
[    0.000000] On node 0 totalpages: 33554318
[    0.000000]   DMA zone: 64 pages used for memmap
[    0.000000]   DMA zone: 21 pages reserved
[    0.000000]   DMA zone: 3998 pages, LIFO batch:0
[    0.000000]   DMA32 zone: 4032 pages used for memmap
[    0.000000]   DMA32 zone: 258032 pages, LIFO batch:31
[    0.000000]   Normal zone: 522240 pages used for memmap
[    0.000000]   Normal zone: 33292288 pages, LIFO batch:31
[    0.000000] Initmem setup node 1 [mem 0x00000020e0200000-0x00000040e01fffff]
[    0.000000] On node 1 totalpages: 33554432
[    0.000000]   Normal zone: 524288 pages used for memmap
[    0.000000]   Normal zone: 33554432 pages, LIFO batch:31
[    0.000000] ACPI: PM-Timer IO Port: 0x408
[    0.000000] ACPI: Local APIC address 0xfee00000
[    0.000000] ACPI: LAPIC_NMI (acpi_id[0xff] dfl dfl lint[0x1])
[    0.000000] IOAPIC[0]: apic_id 0, version 17, address 0xfec00000, GSI 0-23
[    0.000000] ACPI: INT_SRC_OVR (bus 0 bus_irq 0 global_irq 2 dfl dfl)
[    0.000000] ACPI: INT_SRC_OVR (bus 0 bus_irq 9 global_irq 9 high level)
[    0.000000] ACPI: IRQ0 used by override.
[    0.000000] ACPI: IRQ9 used by override.
[    0.000000] Using ACPI (MADT) for SMP configuration information
[    0.000000] smpboot: Allowing 128 CPUs, 96 hotplug CPUs
[    0.000000] PM: Registered nosave memory: [mem 0x00000000-0x00000fff]
[    0.000000] PM: Registered nosave memory: [mem 0x0009f000-0x0009ffff]
[    0.000000] PM: Registered nosave memory: [mem 0x000a0000-0x000dffff]
[    0.000000] PM: Registered nosave memory: [mem 0x000e0000-0x000fffff]
[    0.000000] PM: Registered nosave memory: [mem 0x3fff0000-0x3fffefff]
[    0.000000] PM: Registered nosave memory: [mem 0x3ffff000-0x3fffffff]
[    0.000000] PM: Registered nosave memory: [mem 0x40000000-0xffffffff]
[    0.000000] PM: Registered nosave memory: [mem 0xfe0000000-0xfffffffff]
[    0.000000] PM: Registered nosave memory: [mem 0x20e0000000-0x20e01fffff]
[    0.000000] e820: [mem 0x40000000-0xffffffff] available for PCI devices
[    0.000000] Booting paravirtualized kernel on bare hardware
[    0.000000] clocksource: refined-jiffies: mask: 0xffffffff max_cycles: 0xffffffff, max_idle_ns: 7645519600211568 ns
[    0.000000] random: get_random_bytes called from start_kernel+0x99/0x520 with crng_init=0
[    0.000000] setup_percpu: NR_CPUS:8192 nr_cpumask_bits:128 nr_cpu_ids:128 nr_node_ids:2
[    0.000000] percpu: Embedded 45 pages/cpu @        (ptrval) s147456 r8192 d28672 u262144
[    0.000000] pcpu-alloc: s147456 r8192 d28672 u262144 alloc=1*2097152
[    0.000000] pcpu-alloc: [0] 000 001 002 003 004 005 006 007 
[    0.000000] pcpu-alloc: [0] 008 009 010 011 012 013 014 015 
[    0.000000] pcpu-alloc: [0] 032 034 036 038 040 042 044 046 
[    0.000000] pcpu-alloc: [0] 048 050 052 054 056 058 060 062 
[    0.000000] pcpu-alloc: [0] 064 066 068 070 072 074 076 078 
[    0.000000] pcpu-alloc: [0] 080 082 084 086 088 090 092 094 
[    0.000000] pcpu-alloc: [0] 096 098 100 102 104 106 108 110 
[    0.000000] pcpu-alloc: [0] 112 114 116 118 120 122 124 126 
[    0.000000] pcpu-alloc: [1] 016 017 018 019 020 021 022 023 
[    0.000000] pcpu-alloc: [1] 024 025 026 027 028 029 030 031 
[    0.000000] pcpu-alloc: [1] 033 035 037 039 041 043 045 047 
[    0.000000] pcpu-alloc: [1] 049 051 053 055 057 059 061 063 
[    0.000000] pcpu-alloc: [1] 065 067 069 071 073 075 077 079 
[    0.000000] pcpu-alloc: [1] 081 083 085 087 089 091 093 095 
[    0.000000] pcpu-alloc: [1] 097 099 101 103 105 107 109 111 
[    0.000000] pcpu-alloc: [1] 113 115 117 119 121 123 125 127 
[    0.000000] Built 2 zonelists, mobility grouping on.  Total pages: 66058105
[    0.000000] Policy zone: Normal
[    0.000000] Kernel command line: BOOT_IMAGE=/boot/vmlinuz-4.15.0-1052-azure root=UUID=8716e09d-0f3d-47c5-a89a-666b9d0bd1bf ro console=tty1 console=ttyS0 earlyprintk=ttyS0 rootdelay=300
[    0.000000] log_buf_len individual max cpu contribution: 4096 bytes
[    0.000000] log_buf_len total cpu_extra contributions: 520192 bytes
[    0.000000] log_buf_len min size: 262144 bytes
[    0.000000] log_buf_len: 1048576 bytes
[    0.000000] early log buf free: 248924(94%)
[    0.000000] Calgary: detecting Calgary via BIOS EBDA area
[    0.000000] Calgary: Unable to locate Rio Grande table in EBDA - bailing!
[    0.000000] Memory: 264105356K/268435000K available (12300K kernel code, 2411K rwdata, 4104K rodata, 2280K init, 2372K bss, 4329644K reserved, 0K cma-reserved)
[    0.000000] SLUB: HWalign=64, Order=0-3, MinObjects=0, CPUs=128, Nodes=2
[    0.000000] Kernel/User page tables isolation: enabled
[    0.000000] ftrace: allocating 39183 entries in 154 pages
[    0.000000] Hierarchical RCU implementation.
[    0.000000] 	RCU restricting CPUs from NR_CPUS=8192 to nr_cpu_ids=128.
[    0.000000] 	Tasks RCU enabled.
[    0.000000] RCU: Adjusting geometry for rcu_fanout_leaf=16, nr_cpu_ids=128
[    0.000000] NR_IRQS: 524544, nr_irqs: 1448, preallocated irqs: 16
[    0.000000] 	Offload RCU callbacks from CPUs: .
[    0.000000] Console: colour VGA+ 80x25
[    0.000000] console [tty1] enabled
[    0.000000] console [ttyS0] enabled
[    0.000000] bootconsole [earlyser0] disabled
[    0.000000] mempolicy: Enabling automatic NUMA balancing. Configure with numa_balancing= or the kernel.numa_balancing sysctl
[    0.000000] ACPI: Core revision 20170831
[    0.000000] ACPI: 1 ACPI AML tables successfully acquired and loaded
[    0.000000] APIC: Switch to symmetric I/O mode setup
[    0.000000] Switched APIC routing to physical flat.
[    0.004000] Hyper-V: Using ext hypercalls for IPI
[    0.004000] Hyper-V: Using MSR based APIC access
[    0.008000] clocksource: hyperv_clocksource_tsc_page: mask: 0xffffffffffffffff max_cycles: 0x24e6a1710, max_idle_ns: 440795202120 ns
[    0.032000] ..TIMER: vector=0x30 apic1=0 pin1=2 apic2=-1 pin2=-1
[    0.036000] tsc: Detected 2294.682 MHz processor
[    0.036000] Calibrating delay loop (skipped), value calculated using timer frequency.. 4589.36 BogoMIPS (lpj=9178728)
[    0.040004] pid_max: default: 131072 minimum: 1024
[    0.043193] Security Framework initialized
[    0.044002] Yama: becoming mindful.
[    0.046927] AppArmor: AppArmor initialized
[    0.077607] Dentry cache hash table entries: 16777216 (order: 15, 134217728 bytes)
[    0.093333] Inode-cache hash table entries: 8388608 (order: 14, 67108864 bytes)
[    0.096493] Mount-cache hash table entries: 262144 (order: 9, 2097152 bytes)
[    0.100409] Mountpoint-cache hash table entries: 262144 (order: 9, 2097152 bytes)
[    0.104598] mce: CPU supports 1 MCE banks
[    0.106960] Last level iTLB entries: 4KB 64, 2MB 8, 4MB 8
[    0.108002] Last level dTLB entries: 4KB 64, 2MB 0, 4MB 0, 1GB 4
[    0.112004] Spectre V2 : Mitigation: Full generic retpoline
[    0.115490] Spectre V2 : Spectre v2 / SpectreRSB mitigation: Filling RSB on context switch
[    0.116002] Speculative Store Bypass: Vulnerable
[    0.119063] MDS: Mitigation: Clear CPU buffers
[    0.124000] Freeing SMP alternatives memory: 36K
[    0.125375] smpboot: CPU0: Intel(R) Xeon(R) CPU E5-2673 v4 @ 2.30GHz (family: 0x6, model: 0x4f, stepping: 0x1)
[    0.128208] Performance Events: unsupported p6 CPU model 79 no PMU driver, software events only.
[    0.132067] Hierarchical SRCU implementation.
[    0.136270] NMI watchdog: Perf event create on CPU 0 failed with -2
[    0.140005] NMI watchdog: Perf NMI watchdog permanently disabled
[    0.145778] smp: Bringing up secondary CPUs ...
[    0.148108] x86: Booting SMP configuration:
[    0.150767] .... node  #0, CPUs:          #1
[    0.156931] MDS CPU bug present and SMT on, data leak possible. See https://www.kernel.org/doc/html/latest/admin-guide/hw-vuln/mds.html for more details.
[    0.164200]    #2   #3   #4   #5   #6   #7   #8   #9  #10  #11  #12  #13  #14  #15
[    0.180003] .... node  #1, CPUs:    #16
[    0.004000] calibrate_delay_direct() dropping max bogoMips estimate 0 = 13768710
[    0.266616]   #17  #18  #19  #20  #21  #22  #23  #24  #25  #26  #27  #28  #29  #30  #31
[    0.280970] smp: Brought up 2 nodes, 32 CPUs
[    0.288003] smpboot: Max logical packages: 8
[    0.292005] smpboot: Total of 32 processors activated (146858.20 BogoMIPS)
[    0.307768] devtmpfs: initialized
[    0.308060] x86/mm: Memory block size: 2048MB
[    0.313166] evm: security.selinux
[    0.316001] evm: security.SMACK64
[    0.319142] evm: security.SMACK64EXEC
[    0.320002] evm: security.SMACK64TRANSMUTE
[    0.324001] evm: security.SMACK64MMAP
[    0.326455] evm: security.apparmor
[    0.328002] evm: security.ima
[    0.332002] evm: security.capability
[    0.335058] PM: Registering ACPI NVS region [mem 0x3ffff000-0x3fffffff] (4096 bytes)
[    0.336421] clocksource: jiffies: mask: 0xffffffff max_cycles: 0xffffffff, max_idle_ns: 7645041785100000 ns
[    0.340065] futex hash table entries: 32768 (order: 9, 2097152 bytes)
[    0.348784] pinctrl core: initialized pinctrl subsystem
[    0.352371] RTC time: 18:15:42, date: 09/12/19
[    0.357477] NET: Registered protocol family 16
[    0.360133] audit: initializing netlink subsys (disabled)
[    0.364033] audit: type=2000 audit(1568312141.364:1): state=initialized audit_enabled=0 res=1
[    0.372006] cpuidle: using governor ladder
[    0.376085] cpuidle: using governor menu
[    0.380133] ACPI: bus type PCI registered
[    0.383157] acpiphp: ACPI Hot Plug PCI Controller Driver version: 0.5
[    0.392252] PCI: Using configuration type 1 for base access
[    0.400268] HugeTLB registered 1.00 GiB page size, pre-allocated 0 pages
[    0.408005] HugeTLB registered 2.00 MiB page size, pre-allocated 0 pages
[    0.412531] ACPI: Added _OSI(Module Device)
[    0.416004] ACPI: Added _OSI(Processor Device)
[    0.420004] ACPI: Added _OSI(3.0 _SCP Extensions)
[    0.424002] ACPI: Added _OSI(Processor Aggregator Device)
[    0.428005] ACPI: Added _OSI(Linux-Dell-Video)
[    0.432005] ACPI: Added _OSI(Linux-Lenovo-NV-HDMI-Audio)
[    0.436002] ACPI: Added _OSI(Linux-HPI-Hybrid-Graphics)
[    0.441914] ACPI: Interpreter enabled
[    0.444012] ACPI: (supports S0 S5)
[    0.448003] ACPI: Using IOAPIC for interrupt routing
[    0.452050] PCI: Using host bridge windows from ACPI; if necessary, use "pci=nocrs" and report a bug
[    0.460187] ACPI: Enabled 1 GPEs in block 00 to 0F
[    0.486008] ACPI: PCI Root Bridge [PCI0] (domain 0000 [bus 00-ff])
[    0.492007] acpi PNP0A03:00: _OSC: OS supports [ASPM ClockPM Segments MSI]
[    0.496006] acpi PNP0A03:00: _OSC failed (AE_NOT_FOUND); disabling ASPM
[    0.500010] acpi PNP0A03:00: fail to add MMCONFIG information, can't access extended PCI configuration space under this bridge.
[    0.508169] PCI host bridge to bus 0000:00
[    0.511733] pci_bus 0000:00: root bus resource [mem 0xfe0000000-0xfffffffff window]
[    0.516004] pci_bus 0000:00: root bus resource [io  0x0000-0x0cf7 window]
[    0.524004] pci_bus 0000:00: root bus resource [io  0x0d00-0xffff window]
[    0.528002] pci_bus 0000:00: root bus resource [mem 0x000a0000-0x000bffff window]
[    0.532004] pci_bus 0000:00: root bus resource [mem 0x40000000-0xfffbffff window]
[    0.536002] pci_bus 0000:00: root bus resource [bus 00-ff]
[    0.540128] pci 0000:00:00.0: [8086:7192] type 00 class 0x060000
[    0.542342] pci 0000:00:07.0: [8086:7110] type 00 class 0x060100
[    0.545584] pci 0000:00:07.1: [8086:7111] type 00 class 0x010180
[    0.548175] pci 0000:00:07.1: reg 0x20: [io  0xffa0-0xffaf]
[    0.549274] pci 0000:00:07.1: legacy IDE quirk: reg 0x10: [io  0x01f0-0x01f7]
[    0.556003] pci 0000:00:07.1: legacy IDE quirk: reg 0x14: [io  0x03f6]
[    0.560002] pci 0000:00:07.1: legacy IDE quirk: reg 0x18: [io  0x0170-0x0177]
[    0.564019] pci 0000:00:07.1: legacy IDE quirk: reg 0x1c: [io  0x0376]
[    0.568324] pci 0000:00:07.3: [8086:7113] type 00 class 0x068000
[    0.568357] * Found PM-Timer Bug on the chipset. Due to workarounds for a bug,
               * this clock source is slow. Consider trying other clock sources
[    0.580043] pci 0000:00:07.3: quirk: [io  0x0400-0x043f] claimed by PIIX4 ACPI
[    0.584827] pci 0000:00:08.0: [1414:5353] type 00 class 0x030000
[    0.585663] pci 0000:00:08.0: reg 0x10: [mem 0xf8000000-0xfbffffff]
[    0.604684] ACPI: PCI Interrupt Link [LNKA] (IRQs 3 4 5 7 9 10 *11 12 14 15)
[    0.612214] ACPI: PCI Interrupt Link [LNKB] (IRQs 3 4 5 7 9 10 11 12 14 15) *0, disabled.
[    0.616231] ACPI: PCI Interrupt Link [LNKC] (IRQs 3 4 5 7 9 10 11 12 14 15) *0, disabled.
[    0.624535] ACPI: PCI Interrupt Link [LNKD] (IRQs 3 4 5 7 9 10 11 12 14 15) *0, disabled.
[    0.628640] SCSI subsystem initialized
[    0.632052] libata version 3.00 loaded.
[    0.632131] pci 0000:00:08.0: vgaarb: setting as boot VGA device
[    0.635772] pci 0000:00:08.0: vgaarb: VGA device added: decodes=io+mem,owns=io+mem,locks=none
[    0.640003] pci 0000:00:08.0: vgaarb: bridge control possible
[    0.644002] vgaarb: loaded
[    0.646202] pps_core: LinuxPPS API ver. 1 registered
[    0.652002] pps_core: Software ver. 5.3.6 - Copyright 2005-2007 Rodolfo Giometti <giometti@linux.it>
[    0.656007] PTP clock support registered
[    0.660332] EDAC MC: Ver: 3.0.0
[    0.664249] hv_vmbus: Vmbus version:4.0
[    0.668219] PCI: Using ACPI for IRQ routing
[    0.672006] PCI: pci_cache_line_size set to 64 bytes
[    0.672546] e820: reserve RAM buffer [mem 0x0009fc00-0x0009ffff]
[    0.672548] e820: reserve RAM buffer [mem 0x3fff0000-0x3fffffff]
[    0.672549] e820: reserve RAM buffer [mem 0x40e0200000-0x40e3ffffff]
[    0.672752] NetLabel: Initializing
[    0.675619] NetLabel:  domain hash size = 128
[    0.680004] NetLabel:  protocols = UNLABELED CIPSOv4 CALIPSO
[    0.683881] NetLabel:  unlabeled traffic allowed by default
[    0.688253] clocksource: Switched to clocksource hyperv_clocksource_tsc_page
[    0.706873] VFS: Disk quotas dquot_6.6.0
[    0.709527] VFS: Dquot-cache hash table entries: 512 (order 0, 4096 bytes)
[    0.714542] AppArmor: AppArmor Filesystem Enabled
[    0.717629] pnp: PnP ACPI init
[    0.719616] pnp 00:00: Plug and Play ACPI device, IDs PNP0b00 (active)
[    0.719659] pnp 00:01: Plug and Play ACPI device, IDs PNP0303 PNP030b (active)
[    0.719695] pnp 00:02: Plug and Play ACPI device, IDs PNP0f03 PNP0f13 (active)
[    0.720354] pnp 00:03: [dma 0 disabled]
[    0.720374] pnp 00:03: Plug and Play ACPI device, IDs PNP0501 (active)
[    0.720851] pnp 00:04: [dma 0 disabled]
[    0.720869] pnp 00:04: Plug and Play ACPI device, IDs PNP0501 (active)
[    0.721368] pnp 00:05: [dma 2]
[    0.721407] pnp 00:05: Plug and Play ACPI device, IDs PNP0700 (active)
[    0.721435] system 00:06: [io  0x01e0-0x01ef] has been reserved
[    0.724763] system 00:06: [io  0x0160-0x016f] has been reserved
[    0.729876] system 00:06: [io  0x0278-0x027f] has been reserved
[    0.733649] system 00:06: [io  0x0378-0x037f] has been reserved
[    0.737198] system 00:06: [io  0x0678-0x067f] has been reserved
[    0.741263] system 00:06: [io  0x0778-0x077f] has been reserved
[    0.744450] system 00:06: [io  0x04d0-0x04d1] has been reserved
[    0.747995] system 00:06: Plug and Play ACPI device, IDs PNP0c02 (active)
[    0.748112] system 00:07: [io  0x0400-0x043f] has been reserved
[    0.751404] system 00:07: [io  0x0370-0x0371] has been reserved
[    0.754559] system 00:07: [io  0x0440-0x044f] has been reserved
[    0.757999] system 00:07: [mem 0xfec00000-0xfec00fff] could not be reserved
[    0.762067] system 00:07: [mem 0xfee00000-0xfee00fff] has been reserved
[    0.765970] system 00:07: Plug and Play ACPI device, IDs PNP0c02 (active)
[    0.766062] system 00:08: [mem 0x00000000-0x0009ffff] could not be reserved
[    0.769912] system 00:08: [mem 0x000c0000-0x000dffff] could not be reserved
[    0.773857] system 00:08: [mem 0x000e0000-0x000fffff] could not be reserved
[    0.778046] system 00:08: [mem 0x00100000-0x3fffffff] could not be reserved
[    0.782380] system 00:08: [mem 0xfffc0000-0xffffffff] has been reserved
[    0.786645] system 00:08: Plug and Play ACPI device, IDs PNP0c01 (active)
[    0.786886] pnp: PnP ACPI: found 9 devices
[    0.796300] clocksource: acpi_pm: mask: 0xffffff max_cycles: 0xffffff, max_idle_ns: 2085701024 ns
[    0.802640] pci_bus 0000:00: resource 4 [mem 0xfe0000000-0xfffffffff window]
[    0.802642] pci_bus 0000:00: resource 5 [io  0x0000-0x0cf7 window]
[    0.802643] pci_bus 0000:00: resource 6 [io  0x0d00-0xffff window]
[    0.802644] pci_bus 0000:00: resource 7 [mem 0x000a0000-0x000bffff window]
[    0.802645] pci_bus 0000:00: resource 8 [mem 0x40000000-0xfffbffff window]
[    0.802752] NET: Registered protocol family 2
[    0.806116] TCP established hash table entries: 524288 (order: 10, 4194304 bytes)
[    0.811056] TCP bind hash table entries: 65536 (order: 8, 1048576 bytes)
[    0.814787] TCP: Hash tables configured (established 524288 bind 65536)
[    0.818973] UDP hash table entries: 65536 (order: 9, 2097152 bytes)
[    0.824396] UDP-Lite hash table entries: 65536 (order: 9, 2097152 bytes)
[    0.829304] NET: Registered protocol family 1
[    0.833754] pci 0000:00:00.0: Limiting direct PCI/PCI transfers
[    0.837795] pci 0000:00:08.0: Video device with shadowed ROM at [mem 0x000c0000-0x000dffff]
[    0.842845] PCI: CLS 0 bytes, default 64
[    0.842875] Unpacking initramfs...
[    1.050446] Freeing initrd memory: 14900K
[    1.053340] PCI-DMA: Using software bounce buffering for IO (SWIOTLB)
[    1.057356] software IO TLB [mem 0x3bff0000-0x3fff0000] (64MB) mapped at [        (ptrval)-        (ptrval)]
[    1.063720] clocksource: tsc: mask: 0xffffffffffffffff max_cycles: 0x2113955381f, max_idle_ns: 440795222875 ns
[    1.069487] Scanning for low memory corruption every 60 seconds
[    1.074743] Initialise system trusted keyrings
[    1.077928] Key type blacklist registered
[    1.080783] workingset: timestamp_bits=36 max_order=26 bucket_order=0
[    1.085840] zbud: loaded
[    1.089362] squashfs: version 4.0 (2009/01/31) Phillip Lougher
[    1.093622] fuse init (API version 7.26)
[    1.099698] Key type asymmetric registered
[    1.102731] Asymmetric key parser 'x509' registered
[    1.106219] Block layer SCSI generic (bsg) driver version 0.4 loaded (major 244)
[    1.112474] io scheduler noop registered (default)
[    1.119229] intel_idle: Please enable MWAIT in BIOS SETUP
[    1.119355] input: Power Button as /devices/LNXSYSTM:00/LNXPWRBN:00/input/input0
[    1.124813] ACPI: Power Button [PWRF]
[    1.128304] Serial: 8250/16550 driver, 32 ports, IRQ sharing enabled
[    1.160446] 00:03: ttyS0 at I/O 0x3f8 (irq = 4, base_baud = 115200) is a 16550A
[    1.192758] 00:04: ttyS1 at I/O 0x2f8 (irq = 3, base_baud = 115200) is a 16550A
[    1.198198] Linux agpgart interface v0.103
[    1.217162] loop: module loaded
[    1.219317] hv_vmbus: registering driver hv_storvsc
[    1.224983] scsi host0: storvsc_host_t
[    1.232458] scsi 0:0:0:0: Direct-Access     Msft     Virtual Disk     1.0  PQ: 0 ANSI: 5
[    1.240525] scsi host1: storvsc_host_t
[    1.249980] scsi 1:0:1:0: Direct-Access     Msft     Virtual Disk     1.0  PQ: 0 ANSI: 5
[    1.258219] scsi host2: storvsc_host_t
[    1.261191] blk-mq: reduced tag depth to 10240
[    1.368027] random: fast init done
[    1.385357] scsi host3: storvsc_host_t
[    1.389319] blk-mq: reduced tag depth to 10240
[    1.548598] sd 0:0:0:0: Attached scsi generic sg0 type 0
[    1.549848] sd 0:0:0:0: [sda] 209715200 512-byte logical blocks: (107 GB/100 GiB)
[    1.549890] sd 0:0:0:0: [sda] Write Protect is off
[    1.549892] sd 0:0:0:0: [sda] Mode Sense: 0f 00 10 00
[    1.549897] sd 1:0:1:0: [sdb] 1677721600 512-byte logical blocks: (859 GB/800 GiB)
[    1.549899] sd 1:0:1:0: [sdb] 4096-byte physical blocks
[    1.549956] sd 1:0:1:0: [sdb] Write Protect is off
[    1.549958] sd 1:0:1:0: [sdb] Mode Sense: 0f 00 00 00
[    1.549975] sd 0:0:0:0: [sda] Write cache: enabled, read cache: enabled, supports DPO and FUA
[    1.550063] sd 1:0:1:0: [sdb] Write cache: enabled, read cache: enabled, doesn't support DPO or FUA
[    1.550999]  sda: sda1
[    1.551464]  sdb: sdb1
[    1.552851] sd 0:0:0:0: [sda] Attached SCSI disk
[    1.555177] sd 1:0:1:0: [sdb] Attached SCSI disk
[    1.591324] sd 1:0:1:0: Attached scsi generic sg1 type 0
[    1.595456] ata_piix 0000:00:07.1: version 2.13
[    1.595787] ata_piix 0000:00:07.1: Hyper-V Virtual Machine detected, ATA device ignore set
[    1.604539] scsi host4: ata_piix
[    1.608208] scsi host5: ata_piix
[    1.611909] ata1: PATA max UDMA/33 cmd 0x1f0 ctl 0x3f6 bmdma 0xffa0 irq 14
[    1.616913] ata2: PATA max UDMA/33 cmd 0x170 ctl 0x376 bmdma 0xffa8 irq 15
[    1.621697] libphy: Fixed MDIO Bus: probed
[    1.625297] tun: Universal TUN/TAP device driver, 1.6
[    1.628859] PPP generic driver version 2.4.2
[    1.631955] i8042: PNP: PS/2 Controller [PNP0303:PS2K,PNP0f03:PS2M] at 0x60,0x64 irq 1,12
[    1.643695] serio: i8042 KBD port at 0x60,0x64 irq 1
[    1.647413] serio: i8042 AUX port at 0x60,0x64 irq 12
[    1.650691] mousedev: PS/2 mouse device common for all mice
[    1.654927] rtc_cmos 00:00: RTC can wake from S4
[    1.680709] rtc_cmos 00:00: rtc core: registered rtc_cmos as rtc0
[    1.686309] rtc_cmos 00:00: alarms up to one month, 114 bytes nvram
[    1.690313] device-mapper: uevent: version 1.0.3
[    1.695021] device-mapper: ioctl: 4.37.0-ioctl (2017-09-20) initialised: dm-devel@redhat.com
[    1.702582] NET: Registered protocol family 10
[    1.705657] input: AT Translated Set 2 keyboard as /devices/platform/i8042/serio0/input/input1
[    1.713461] Segment Routing with IPv6
[    1.715730] NET: Registered protocol family 17
[    1.718835] Key type dns_resolver registered
[    1.724351] RAS: Correctable Errors collector initialized.
[    1.727857] registered taskstats version 1
[    1.730671] Loading compiled-in X.509 certificates
[    1.736095] Loaded X.509 cert 'Build time autogenerated kernel key: 4328242db33277d9aabf575415fcce91262d4e0b'
[    1.742013] zswap: loaded using pool lzo/zbud
[    1.749700] Key type big_key registered
[    1.753181] Key type trusted registered
[    1.757559] Key type encrypted registered
[    1.760087] AppArmor: AppArmor sha1 policy hashing enabled
[    1.763496] ima: No TPM chip found, activating TPM-bypass! (rc=-19)
[    1.767728] ima: Allocated hash algorithm: sha1
[    1.770911] evm: HMAC attrs: 0x1
[    1.775218]   Magic number: 3:549:291
[    1.778615] tty tty24: hash matches
[    1.782652] rtc_cmos 00:00: setting system clock to 2019-09-12 18:15:43 UTC (1568312143)
[    1.782655] ata1.01: host indicates ignore ATA devices, ignored
[    1.789514] BIOS EDD facility v0.16 2004-Jun-25, 0 devices found
[    1.793313] EDD information not available.
[    1.924704] ata1.00: host indicates ignore ATA devices, ignored
[    1.961008] ata2.01: NODEV after polling detection
[    2.035734] ata2.00: ATAPI: Virtual CD, , max MWDMA2
[    2.040737] ata2.00: configured for MWDMA2
[    2.045305] scsi 5:0:0:0: CD-ROM            Msft     Virtual CD/ROM   1.0  PQ: 0 ANSI: 5
[    2.053160] sr 5:0:0:0: [sr0] scsi3-mmc drive: 0x/0x tray
[    2.056548] cdrom: Uniform CD-ROM driver Revision: 3.20
[    2.060994] sr 5:0:0:0: Attached scsi CD-ROM sr0
[    2.061102] sr 5:0:0:0: Attached scsi generic sg2 type 5
[    2.353233] Freeing unused kernel image memory: 2280K
[    2.364027] Write protecting the kernel read-only data: 20480k
[    2.369474] Freeing unused kernel image memory: 2008K
[    2.374110] Freeing unused kernel image memory: 2040K
[    2.383443] x86/mm: Checked W+X mappings: passed, no W+X pages found.
[    2.388080] x86/mm: Checking user space page tables
[    2.396810] x86/mm: Checked W+X mappings: passed, no W+X pages found.
[    2.418901] random: systemd-udevd: uninitialized urandom read (16 bytes read)
[    2.419367] random: udevadm: uninitialized urandom read (16 bytes read)
[    2.419385] random: udevadm: uninitialized urandom read (16 bytes read)
[    2.482867] hv_vmbus: registering driver hv_netvsc
[    2.489655] hv_utils: Registering HyperV Utility Driver
[    2.489656] hv_vmbus: registering driver hyperv_keyboard
[    2.501975] hv_vmbus: registering driver hv_util
[    2.504152] input: AT Translated Set 2 keyboard as /devices/LNXSYSTM:00/LNXSYBUS:00/PNP0A03:00/device:07/VMBUS:01/d34b2567-b9b6-42b9-8778-0a4ec0b955bf/serio2/input/input3
[    2.538803] hv_utils: Heartbeat IC version 3.0
[    2.544565] hv_utils: Shutdown IC version 3.0
[    2.560591] hv_utils: TimeSync IC version 4.0
[    2.577153] hv_utils: VSS IC version 5.0
[    2.583542] hidraw: raw HID events driver (C) Jiri Kosina
[    2.601557] hv_vmbus: registering driver hid_hyperv
[    2.606674] input: Microsoft Vmbus HID-compliant Mouse as /devices/0006:045E:0621.0001/input/input4
[    2.607040] hv_vmbus: registering driver hyperv_fb
[    2.628818] hid 0006:045E:0621.0001: input: <UNKNOWN> HID v0.01 Mouse [Microsoft Vmbus HID-compliant Mouse] on 
[    2.636252] hyperv_fb: Screen resolution: 1152x864, Color depth: 32
[    2.647222] Console: switching to colour frame buffer device 144x54
[    2.648142] AVX2 version of gcm_enc/dec engaged.
[    2.648142] AES CTR mode by8 optimization enabled
[    4.028089] random: crng init done
[    4.032048] random: 7 urandom warning(s) missed due to ratelimiting
[    4.148015] raid6: sse2x1   gen()  9506 MB/s
[    4.196040] raid6: sse2x1   xor()  7067 MB/s
[    4.244035] raid6: sse2x2   gen() 12306 MB/s
[    4.292041] raid6: sse2x2   xor()  7467 MB/s
[    4.340039] raid6: sse2x4   gen() 12962 MB/s
[    4.388092] raid6: sse2x4   xor()  9185 MB/s
[    4.436051] raid6: avx2x1   gen() 17221 MB/s
[    4.484040] raid6: avx2x1   xor() 13039 MB/s
[    4.532064] raid6: avx2x2   gen() 19976 MB/s
[    4.580034] raid6: avx2x2   xor() 15083 MB/s
[    4.628052] raid6: avx2x4   gen() 24600 MB/s
[    4.676035] raid6: avx2x4   xor() 17564 MB/s
[    4.678474] raid6: using algorithm avx2x4 gen() 24600 MB/s
[    4.681426] raid6: .... xor() 17564 MB/s, rmw enabled
[    4.684237] raid6: using avx2x2 recovery algorithm
[    4.688443] xor: automatically using best checksumming function   avx       
[    4.693834] async_tx: api initialized (async)
[    4.756991] Btrfs loaded, crc32c=crc32c-intel
[    5.006872] EXT4-fs (sda1): mounted filesystem with ordered data mode. Opts: (null)
[    7.615087] systemd[1]: systemd 229 running in system mode. (+PAM +AUDIT +SELINUX +IMA +APPARMOR +SMACK +SYSVINIT +UTMP +LIBCRYPTSETUP +GCRYPT +GNUTLS +ACL +XZ -LZ4 +SECCOMP +BLKID +ELFUTILS +KMOD -IDN)
[    7.625933] systemd[1]: Detected virtualization microsoft.
[    7.629087] systemd[1]: Detected architecture x86-64.
[    7.716387] systemd[1]: Set hostname to <pkrvmdm5q5ecprw>.
[    7.854651] systemd[1]: Initializing machine ID from random generator.
[    7.860480] systemd[1]: Installed transient /etc/machine-id file.
[    9.988994] systemd[1]: Listening on LVM2 poll daemon socket.
[    9.995686] systemd[1]: Listening on Journal Socket.
[   10.002525] systemd[1]: Reached target Encrypted Volumes.
[   10.009338] systemd[1]: Listening on fsck to fsckd communication Socket.
[   10.213623] EXT4-fs (sda1): re-mounted. Opts: discard
[   10.269812] Loading iSCSI transport class v2.0-870.
[   10.433823] iscsi: registered transport (tcp)
[   10.483518] iscsi: registered transport (iser)
[   10.581670] RPC: Registered named UNIX socket transport module.
[   10.586633] RPC: Registered udp transport module.
[   10.590341] RPC: Registered tcp transport module.
[   10.594194] RPC: Registered tcp NFSv4.1 backchannel transport module.
[   10.796053] systemd-journald[712]: Received request to flush runtime journal from PID 1
[   11.415929] hv_vmbus: registering driver hv_balloon
[   11.416442] hv_balloon: Using Dynamic Memory protocol version 2.0
[   11.432356] hv_vmbus: registering driver hv_pci
[   11.432765] hv_pci 5404edd9-d5ed-489d-b3e0-f44c81362def: PCI VMBus probing: Using version 0x10002
[   11.435991] hv_pci 5404edd9-d5ed-489d-b3e0-f44c81362def: PCI host bridge to bus 0001:00
[   11.435994] pci_bus 0001:00: root bus resource [mem 0xfe0000000-0xfe07fffff window]
[   11.437957] pci 0001:00:02.0: [15b3:1004] type 00 class 0x020000
[   11.453343] pci 0001:00:02.0: reg 0x18: [mem 0xfe0000000-0xfe07fffff 64bit pref]
[   11.468770] hv_utils: KVP IC version 4.0
[   11.480285] pci 0001:00:02.0: BAR 2: assigned [mem 0xfe0000000-0xfe07fffff 64bit pref]
[   11.485077] mlx4_core: Mellanox ConnectX core driver v4.0-0
[   11.485097] mlx4_core: Initializing 0001:00:02.0
[   11.487212] mlx4_core 0001:00:02.0: Detected virtual function - running in slave mode
[   11.487244] mlx4_core 0001:00:02.0: Sending reset
[   11.487465] mlx4_core 0001:00:02.0: Sending vhcr0
[   11.489316] mlx4_core 0001:00:02.0: HCA minimum page size:512
[   11.489985] mlx4_core 0001:00:02.0: Timestamping is not supported in slave mode
[   11.550632] <mlx4_ib> mlx4_ib_add: mlx4_ib: Mellanox ConnectX InfiniBand driver v4.0-0
[   11.566994] <mlx4_ib> mlx4_ib_add: counter index 6 for port 1 allocated 1
[   11.567960] ib_query_pkey failed (-1) for mlx4_0 (index 0)
[   11.568949] mlx4_core 0001:00:02.0: mlx4_ib: multi-function enabled
[   11.568951] mlx4_core 0001:00:02.0: mlx4_ib: operating in qp1 tunnel mode
[   11.583226] mlx4_en: Mellanox ConnectX HCA Ethernet driver v4.0-0
[   11.584900] mlx4_en 0001:00:02.0: Activating port:1
[   11.662614] mlx4_en: 0001:00:02.0: Port 1: Using 32 TX rings
[   11.662616] mlx4_en: 0001:00:02.0: Port 1: Using 16 RX rings
[   11.662773] mlx4_en: 0001:00:02.0: Port 1: Initializing port
[   11.663630] mlx4_core 0001:00:02.0 eth1: joined to eth0
[   11.663632] hv_netvsc 000d3a02-f846-000d-3a02-f846000d3a02 eth0: VF registering: eth1
[   11.667641] mlx4_core 0001:00:02.0 enP1p0s2: renamed from eth1
[   12.245812] audit: type=1400 audit(1568312154.696:2): apparmor="STATUS" operation="profile_load" profile="unconfined" name="/usr/bin/lxc-start" pid=1126 comm="apparmor_parser"
[   12.247987] audit: type=1400 audit(1568312154.696:3): apparmor="STATUS" operation="profile_load" profile="unconfined" name="/usr/lib/lxd/lxd-bridge-proxy" pid=1127 comm="apparmor_parser"
[   12.248250] audit: type=1400 audit(1568312154.700:4): apparmor="STATUS" operation="profile_load" profile="unconfined" name="/usr/sbin/tcpdump" pid=1130 comm="apparmor_parser"
[   12.249651] audit: type=1400 audit(1568312154.700:5): apparmor="STATUS" operation="profile_load" profile="unconfined" name="lxc-container-default" pid=1124 comm="apparmor_parser"
[   12.249654] audit: type=1400 audit(1568312154.700:6): apparmor="STATUS" operation="profile_load" profile="unconfined" name="lxc-container-default-cgns" pid=1124 comm="apparmor_parser"
[   12.249656] audit: type=1400 audit(1568312154.700:7): apparmor="STATUS" operation="profile_load" profile="unconfined" name="lxc-container-default-with-mounting" pid=1124 comm="apparmor_parser"
[   12.249659] audit: type=1400 audit(1568312154.700:8): apparmor="STATUS" operation="profile_load" profile="unconfined" name="lxc-container-default-with-nesting" pid=1124 comm="apparmor_parser"
[   12.249711] audit: type=1400 audit(1568312154.700:9): apparmor="STATUS" operation="profile_load" profile="unconfined" name="/sbin/dhclient" pid=1125 comm="apparmor_parser"
[   12.249713] audit: type=1400 audit(1568312154.700:10): apparmor="STATUS" operation="profile_load" profile="unconfined" name="/usr/lib/NetworkManager/nm-dhcp-client.action" pid=1125 comm="apparmor_parser"
[   12.249716] audit: type=1400 audit(1568312154.700:11): apparmor="STATUS" operation="profile_load" profile="unconfined" name="/usr/lib/NetworkManager/nm-dhcp-helper" pid=1125 comm="apparmor_parser"
[   16.113566] UDF-fs: INFO Mounting volume 'UDF Volume', timestamp 2019/09/13 00:00 (1000)
[   16.281914] mlx4_en: enP1p0s2: Steering Mode 2
[   16.362759] hv_netvsc 000d3a02-f846-000d-3a02-f846000d3a02 eth0: Data path switched to VF: enP1p0s2
[   16.363020] IPv6: ADDRCONF(NETDEV_UP): eth0: link is not ready
[   16.363031] mlx4_en: enP1p0s2: Link Up
[   16.363050] IPv6: ADDRCONF(NETDEV_CHANGE): eth0: link becomes ready
[   16.625286] IPv4: martian source 255.255.255.255 from 168.63.129.16, on dev eth0
[   16.625335] ll header: 00000000: 00 0d 3a 02 f8 46 12 34 56 78 9a bc 08 00        ..:..F.4Vx....
[   16.672333] IPv4: martian source 255.255.255.255 from 168.63.129.16, on dev eth0
[   16.672362] ll header: 00000000: 00 0d 3a 02 f8 46 12 34 56 78 9a bc 08 00        ..:..F.4Vx....
[   16.901977] mlx4_en: enP1p0s2: Close port called
[   16.958116] hv_netvsc 000d3a02-f846-000d-3a02-f846000d3a02 eth0: Data path switched from VF: enP1p0s2
[   17.259492] mlx4_en: enP1p0s2: Steering Mode 2
[   17.331905] hv_netvsc 000d3a02-f846-000d-3a02-f846000d3a02 eth0: Data path switched to VF: enP1p0s2
[   17.332168] mlx4_en: enP1p0s2: Link Up
[   17.391084] IPv4: martian source 255.255.255.255 from 168.63.129.16, on dev eth0
[   17.391109] ll header: 00000000: 00 0d 3a 02 f8 46 12 34 56 78 9a bc 08 00        ..:..F.4Vx....
[   17.422405] IPv4: martian source 255.255.255.255 from 168.63.129.16, on dev eth0
[   17.422423] ll header: 00000000: 00 0d 3a 02 f8 46 12 34 56 78 9a bc 08 00        ..:..F.4Vx....
[   21.230031] ip_tables: (C) 2000-2006 Netfilter Core Team
[   21.277780] nf_conntrack version 0.5.0 (65536 buckets, 262144 max)
[   23.992321] EXT4-fs (sda1): resizing filesystem from 7864059 to 26214139 blocks
[   24.956401] EXT4-fs (sda1): resized filesystem to 26214139
[   27.051500]  sdb: sdb1
[   29.068769] EXT4-fs (sdb1): mounted filesystem with ordered data mode. Opts: (null)
[   31.700179] new mount options do not match the existing superblock, will be ignored
[   31.908878] hv_utils: VSS: userspace daemon ver. 129 connected
[   43.277398] aufs 4.15-20180219
[   43.538755] kauditd_printk_skb: 3 callbacks suppressed
[   43.538756] audit: type=1400 audit(1568312185.988:15): apparmor="STATUS" operation="profile_load" profile="unconfined" name="docker-default" pid=2601 comm="apparmor_parser"
[   52.163354] bridge: filtering via arp/ip/ip6tables is no longer available by default. Update your scripts to load br_netfilter if you need this.
[   52.247626] Bridge firewalling registered
[   59.509909] hv_balloon: Max. dynamic memory size: 262144 MB
[   60.005837] Initializing XFRM netlink socket
[   60.012402] Netfilter messages via NETLINK v0.30.
[   60.014528] ctnetlink v0.93: registering with nfnetlink.
[   60.279951] IPv6: ADDRCONF(NETDEV_UP): docker0: link is not ready
[  157.582115] docker0: port 1(veth79ca91c) entered blocking state
[  157.582117] docker0: port 1(veth79ca91c) entered disabled state
[  157.582209] device veth79ca91c entered promiscuous mode
[  157.582343] IPv6: ADDRCONF(NETDEV_UP): veth79ca91c: link is not ready
[  159.300447] eth0: renamed from veth2358eeb
[  159.316688] IPv6: ADDRCONF(NETDEV_CHANGE): veth79ca91c: link becomes ready
[  159.316766] docker0: port 1(veth79ca91c) entered blocking state
[  159.316768] docker0: port 1(veth79ca91c) entered forwarding state
[  159.316832] IPv6: ADDRCONF(NETDEV_CHANGE): docker0: link becomes ready
[  170.508688] docker0: port 1(veth79ca91c) entered disabled state
[  170.508751] veth2358eeb: renamed from eth0
[  170.727638] docker0: port 1(veth79ca91c) entered disabled state
[  170.729412] device veth79ca91c left promiscuous mode
[  170.729415] docker0: port 1(veth79ca91c) entered disabled state
[  193.922256] hv_utils: VSS: userspace daemon ver. 129 connected
[  208.842290] Ebtables v2.0 registered
[  209.273326] systemd-journald[712]: Received SIGTERM from PID 1 (systemd).
[  209.273468] systemd[1]: Stopping Journal Service...
[  209.277517] systemd[1]: Stopped Journal Service.
[  209.282308] systemd[1]: Starting Journal Service...
[  210.280243] systemd[1]: Started Journal Service.
[  238.138983] mlx4_en: enP1p0s2: Close port called
[  238.200913] hv_netvsc 000d3a02-f846-000d-3a02-f846000d3a02 eth0: Data path switched from VF: enP1p0s2
[  238.233008] mlx4_en: enP1p0s2: Steering Mode 2
[  238.309853] hv_netvsc 000d3a02-f846-000d-3a02-f846000d3a02 eth0: Data path switched to VF: enP1p0s2
[  238.309981] mlx4_en: enP1p0s2: Link Up
[  238.310062] azure0: port 1(eth0) entered blocking state
[  238.310064] azure0: port 1(eth0) entered disabled state
[  238.310206] device eth0 entered promiscuous mode
[  238.310207] device enP1p0s2 entered promiscuous mode
[  238.311231] azure0: port 1(eth0) entered blocking state
[  238.311233] azure0: port 1(eth0) entered forwarding state
[  238.318179] mlx4_core 0001:00:02.0: going promisc on 1
[  238.332756] netlink: 'azure-vnet': attribute type 4 has an invalid length.
[  238.334338] IPv6: ADDRCONF(NETDEV_UP): azv580dcc45df9: link is not ready
[  238.335211] azure0: port 2(azv580dcc45df9) entered blocking state
[  238.335212] azure0: port 2(azv580dcc45df9) entered disabled state
[  238.335326] device azv580dcc45df9 entered promiscuous mode
[  238.335377] azure0: port 2(azv580dcc45df9) entered blocking state
[  238.335379] azure0: port 2(azv580dcc45df9) entered forwarding state
[  238.345135] netlink: 'azure-vnet': attribute type 4 has an invalid length.
[  238.388618] IPv6: ADDRCONF(NETDEV_CHANGE): azv580dcc45df9: link becomes ready
[  238.494861] azure0: port 2(azv580dcc45df9) entered disabled state
[  238.495153] eth0: renamed from azv580dcc45df92
[  238.508259] azure0: port 2(azv580dcc45df9) entered blocking state
[  238.508261] azure0: port 2(azv580dcc45df9) entered forwarding state
[  247.938542] ip6_tables: (C) 2000-2006 Netfilter Core Team
[  383.980038] SGI XFS with ACLs, security attributes, realtime, no debug enabled
